>>> say_my_name = __import__('3-say_my_name').say_my_name
>>> say_my_name()
Traceback (most recent call last):
  ...
TypeError: say_my_name() missing 1 required positional argument: 'first_name'
>>> say_my_name("Alice")
My name is Alice 
>>> say_my_name("Alice", "Smith")
My name is Alice Smith
>>> say_my_name(1)
Traceback (most recent call last):
  ...
TypeError: first_name must be a string
>>> say_my_name("Alice", 1)
Traceback (most recent call last):
  ...
TypeError: last_name must be a string
